00:00 +0: loading /home/victor/Documentos/aquaclean_mobile/test/features/booking/presentation/booking_screen_test.dart                                                                                 00:01 +0: loading /home/victor/Documentos/aquaclean_mobile/test/features/booking/presentation/booking_screen_test.dart                                                                                 00:01 +0: BookingScreen shows available dates and slots correctly                                                                                                                                      00:02 +0: BookingScreen shows available dates and slots correctly                                                                                                                                      00:03 +0: BookingScreen shows available dates and slots correctly                                                                                                                                      00:03 +0: BookingScreen shows available dates and slots correctly                                                                                                                                      
══╡ EXCEPTION CAUGHT BY RENDERING LIBRARY ╞═════════════════════════════════════════════════════════
The following assertion was thrown during layout:
A RenderFlex overflowed by 59 pixels on the bottom.

The relevant error-causing widget was:
  Column
  Column:file:///home/victor/Documentos/aquaclean_mobile/lib/src/features/booking/presentation/booking_screen.dart:465:18

The overflowing RenderFlex has an orientation of Axis.vertical.
The edge of the RenderFlex that is overflowing has been marked in the rendering with a yellow and
black striped pattern. This is usually caused by the contents being too big for the RenderFlex.
Consider applying a flex factor (e.g. using an Expanded widget) to force the children of the
RenderFlex to fit within the available space instead of being sized to their natural size.
This is considered an error condition because it indicates that there is content that cannot be
seen. If the content is legitimately bigger than the available space, consider clipping it with a
ClipRect widget before putting it in the flex, or using a scrollable container rather than a Flex,
like a ListView.
The specific RenderFlex in question is: RenderFlex#eab91 relayoutBoundary=up7 OVERFLOWING:
  needs compositing
  creator: Column ← _DateTimeSelectionStep ← _FocusInheritedScope ← Focus ← ExcludeFocus ←
    IgnorePointer ← _Visibility ← _VisibilityScope ← Visibility ← _RawIndexedStack ←
    IndexedStack-[<2>] ← FadeTransition-[<[<2>]>] ← ⋯
  parentData: <none> (can use size)
  constraints: BoxConstraints(0.0<=w<=800.0, 0.0<=h<=480.0)
  size: Size(800.0, 480.0)
  direction: vertical
  mainAxisAlignment: start
  mainAxisSize: max
  crossAxisAlignment: center
  verticalDirection: down
  spacing: 0.0
◢◤◢◤◢◤◢◤◢◤◢◤◢◤◢◤◢◤◢◤◢◤◢◤◢◤◢◤◢◤◢◤◢◤◢◤◢◤◢◤◢◤◢◤◢◤◢◤◢◤◢◤◢◤◢◤◢◤◢◤◢◤◢◤◢◤◢◤◢◤◢◤◢◤◢◤◢◤◢◤◢◤◢◤◢◤◢◤◢◤◢◤◢◤◢◤◢◤◢◤
════════════════════════════════════════════════════════════════════════════════════════════════════
══╡ EXCEPTION CAUGHT BY FLUTTER TEST FRAMEWORK ╞════════════════════════════════════════════════════
The following TestFailure was thrown running a test:
Expected: exactly one matching candidate
  Actual: _TextWidgetFinder:<Found 0 widgets with text "08:00": []>
   Which: means none were found but one was expected

When the exception was thrown, this was the stack:
#4      main.<anonymous closure> (file:///home/victor/Documentos/aquaclean_mobile/test/features/booking/presentation/booking_screen_test.dart:139:5)
<asynchronous suspension>
#5      testWidgets.<anonymous closure>.<anonymous closure> (package:flutter_test/src/widget_tester.dart:192:15)
<asynchronous suspension>
#6      TestWidgetsFlutterBinding._runTestBody (package:flutter_test/src/binding.dart:1059:5)
<asynchronous suspension>
<asynchronous suspension>
(elided one frame from package:stack_trace)

This was caught by the test expectation on the following line:
  file:///home/victor/Documentos/aquaclean_mobile/test/features/booking/presentation/booking_screen_test.dart line 139
The test description was:
  BookingScreen shows available dates and slots correctly
════════════════════════════════════════════════════════════════════════════════════════════════════
══╡ EXCEPTION CAUGHT BY FLUTTER TEST FRAMEWORK ╞════════════════════════════════════════════════════
The following message was thrown:
Multiple exceptions (2) were detected during the running of the current test, and at least one was
unexpected.
════════════════════════════════════════════════════════════════════════════════════════════════════
00:03 +0 -1: BookingScreen shows available dates and slots correctly [E]                                                                                                                               
  Test failed. See exception logs above.
  The test description was: BookingScreen shows available dates and slots correctly
  

To run this test again: /home/victor/develop/flutter/bin/cache/dart-sdk/bin/dart test /home/victor/Documentos/aquaclean_mobile/test/features/booking/presentation/booking_screen_test.dart -p vm --plain-name 'BookingScreen shows available dates and slots correctly'
00:03 +0 -1: Some tests failed.                                                                                                                                                                        
